// Vitest Snapshot v1, https://vitest.dev/guide/snapshot.html

exports[`E2E: Stepping > Records the line and column of each step 1`] = `
[
  "Line: 1, Column: 0",
  "Line: 2, Column: 6",
  "Line: 2, Column: 10",
  "Line: 2, Column: 18",
  "Line: 2, Column: 21",
  "Line: 2, Column: 21",
  "Line: 2, Column: 25",
  "Line: 2, Column: 34",
  "Line: 2, Column: 29",
  "Line: 2, Column: 21",
  "Line: 2, Column: 21",
  "Line: 2, Column: 25",
  "Line: 2, Column: 34",
  "Line: 2, Column: 29",
  "Line: 2, Column: 21",
  "Line: 2, Column: 21",
  "Line: 2, Column: 25",
  "Line: 2, Column: 34",
  "Line: 2, Column: 29",
  "Line: 2, Column: 21",
  "Line: 2, Column: 21",
  "Line: 2, Column: 25",
  "Line: 2, Column: 34",
  "Line: 2, Column: 29",
  "Line: 2, Column: 21",
  "Line: 2, Column: 21",
  "Line: 2, Column: 25",
  "Line: 2, Column: 34",
  "Line: 2, Column: 29",
  "Line: 2, Column: 21",
  "Line: 2, Column: 21",
  "Line: 2, Column: 25",
  "Line: 2, Column: 34",
  "Line: 2, Column: 29",
  "Line: 2, Column: 21",
  "Line: 2, Column: 21",
  "Line: 2, Column: 25",
  "Line: 2, Column: 34",
  "Line: 2, Column: 29",
  "Line: 2, Column: 21",
  "Line: 2, Column: 21",
  "Line: 2, Column: 25",
  "Line: 2, Column: 34",
  "Line: 2, Column: 29",
  "Line: 2, Column: 21",
  "Line: 2, Column: 21",
  "Line: 2, Column: 25",
  "Line: 2, Column: 34",
  "Line: 2, Column: 29",
  "Line: 2, Column: 21",
  "Line: 2, Column: 21",
  "Line: 2, Column: 25",
  "Line: 2, Column: 34",
  "Line: 2, Column: 29",
  "Line: 2, Column: 21",
  "Line: 2, Column: 21",
  "Line: 2, Column: 25",
  "Line: 2, Column: 36",
]
`;

exports[`E2E: Stepping > Steps through opts individually 1`] = `"Took 62 iterations to run the script."`;
